<testsuites name="results">
  <testsuite name="all" package="all">
    <property name="random_seed" value="1777790386" />
    <testcase name="test_encoder_self_check" classname="test_isa_decoder" file="/home/ybi/WaveTensor/test_isa_decoder.py" lineno="294" time="0.00043487548828125" sim_time_ns="0.0" ratio_time="0.0" />
    <testcase name="test_wave_advance_increments_wave_number" classname="test_isa_decoder" file="/home/ybi/WaveTensor/test_isa_decoder.py" lineno="322" time="0.0006213188171386719" sim_time_ns="90.999" ratio_time="146461.03979125095" />
    <testcase name="test_steer_passes_payload_through" classname="test_isa_decoder" file="/home/ybi/WaveTensor/test_isa_decoder.py" lineno="342" time="0.0002880096435546875" sim_time_ns="89.999" ratio_time="312486.0643178808" />
    <testcase name="test_load_issues_memory_request" classname="test_isa_decoder" file="/home/ybi/WaveTensor/test_isa_decoder.py" lineno="356" time="0.0002846717834472656" sim_time_ns="89.999" ratio_time="316150.05502177554" />
    <testcase name="test_tag_mismatch_blocks_execution" classname="test_isa_decoder" file="/home/ybi/WaveTensor/test_isa_decoder.py" lineno="371" time="0.0014300346374511719" sim_time_ns="829.999" ratio_time="580404.8225568522" />
    <testcase name="test_shift_left" classname="test_isa_decoder" file="/home/ybi/WaveTensor/test_isa_decoder.py" lineno="386" time="0.00025725364685058594" sim_time_ns="89.99900000000002" ratio_time="349845.3806265061" />
    <testcase name="test_rotate_right" classname="test_isa_decoder" file="/home/ybi/WaveTensor/test_isa_decoder.py" lineno="398" time="0.0002474784851074219" sim_time_ns="89.99900000000002" ratio_time="363663.93612331414" />
    <testcase name="test_logical_negation" classname="test_isa_decoder" file="/home/ybi/WaveTensor/test_isa_decoder.py" lineno="411" time="0.00024580955505371094" sim_time_ns="89.99900000000002" ratio_time="366133.04141222127" />
    <testcase name="test_divrem" classname="test_isa_decoder" file="/home/ybi/WaveTensor/test_isa_decoder.py" lineno="423" time="0.0008130073547363281" sim_time_ns="439.999" ratio_time="541199.2861278593" />
    <testcase name="test_div_by_zero_sets_error" classname="test_isa_decoder" file="/home/ybi/WaveTensor/test_isa_decoder.py" lineno="437" time="0.0002810955047607422" sim_time_ns="109.99900000000002" ratio_time="391322.5154334182" />
    <testcase name="test_bits_ord_reverse" classname="test_isa_decoder" file="/home/ybi/WaveTensor/test_isa_decoder.py" lineno="449" time="0.0002448558807373047" sim_time_ns="89.99900000000002" ratio_time="367559.07078481023" />
    <testcase name="test_bitwise_and" classname="test_isa_decoder" file="/home/ybi/WaveTensor/test_isa_decoder.py" lineno="466" time="0.0002522468566894531" sim_time_ns="89.99900000000002" ratio_time="356789.3815652175" />
    <testcase name="test_bitwise_or" classname="test_isa_decoder" file="/home/ybi/WaveTensor/test_isa_decoder.py" lineno="477" time="0.00025177001953125" sim_time_ns="89.9989999999998" ratio_time="357465.1190303022" />
    <testcase name="test_bitwise_xor" classname="test_isa_decoder" file="/home/ybi/WaveTensor/test_isa_decoder.py" lineno="488" time="0.0002448558807373047" sim_time_ns="89.9989999999998" ratio_time="367559.0707848093" />
    <testcase name="test_bitwise_shr_logical" classname="test_isa_decoder" file="/home/ybi/WaveTensor/test_isa_decoder.py" lineno="499" time="0.0002510547637939453" sim_time_ns="89.9989999999998" ratio_time="358483.5381728387" />
    <testcase name="test_bitwise_sar_arithmetic" classname="test_isa_decoder" file="/home/ybi/WaveTensor/test_isa_decoder.py" lineno="511" time="0.00024318695068359375" sim_time_ns="89.9989999999998" ratio_time="370081.5349960776" />
    <testcase name="test_bitwise_rol" classname="test_isa_decoder" file="/home/ybi/WaveTensor/test_isa_decoder.py" lineno="523" time="0.00024890899658203125" sim_time_ns="89.9989999999998" ratio_time="361573.9135019149" />
    <testcase name="test_bitwise_not" classname="test_isa_decoder" file="/home/ybi/WaveTensor/test_isa_decoder.py" lineno="535" time="0.00025653839111328125" sim_time_ns="89.9989999999998" ratio_time="350820.7859628245" />
    <testcase name="test_bitwise_nand" classname="test_isa_decoder" file="/home/ybi/WaveTensor/test_isa_decoder.py" lineno="546" time="0.0002474784851074219" sim_time_ns="89.9989999999998" ratio_time="363663.93612331327" />
    <testcase name="test_bitwise_nor" classname="test_isa_decoder" file="/home/ybi/WaveTensor/test_isa_decoder.py" lineno="558" time="0.0002498626708984375" sim_time_ns="89.9989999999998" ratio_time="360193.86039694573" />
    <testcase name="test_bitwise_xnor" classname="test_isa_decoder" file="/home/ybi/WaveTensor/test_isa_decoder.py" lineno="570" time="0.00024271011352539062" sim_time_ns="89.9989999999998" ratio_time="370808.61070333904" />
    <testcase name="test_bitwise_popcount" classname="test_isa_decoder" file="/home/ybi/WaveTensor/test_isa_decoder.py" lineno="582" time="0.00024175643920898438" sim_time_ns="89.9989999999998" ratio_time="372271.3665641017" />
    <testcase name="test_bitwise_clz" classname="test_isa_decoder" file="/home/ybi/WaveTensor/test_isa_decoder.py" lineno="593" time="0.0004367828369140625" sim_time_ns="179.9989999999998" ratio_time="412101.81533624406" />
    <testcase name="test_bitwise_ctz" classname="test_isa_decoder" file="/home/ybi/WaveTensor/test_isa_decoder.py" lineno="608" time="0.0004134178161621094" sim_time_ns="179.9989999999998" ratio_time="435392.4600322948" />
    <testcase name="test_add_with_imm" classname="test_isa_decoder" file="/home/ybi/WaveTensor/test_isa_decoder.py" lineno="623" time="0.00024199485778808594" sim_time_ns="89.9989999999998" ratio_time="371904.59674482676" />
    <testcase name="test_add_with_opref_uses_payload_b" classname="test_isa_decoder" file="/home/ybi/WaveTensor/test_isa_decoder.py" lineno="635" time="0.0002484321594238281" sim_time_ns="89.9989999999998" ratio_time="362267.9133358917" />
    <testcase name="test_matmul_2x2" classname="test_isa_decoder" file="/home/ybi/WaveTensor/test_isa_decoder.py" lineno="652" time="0.00025773048400878906" sim_time_ns="89.9989999999998" ratio_time="349198.1181276588" />
    <testcase name="test_tensor_add" classname="test_isa_decoder" file="/home/ybi/WaveTensor/test_isa_decoder.py" lineno="672" time="0.00025200843811035156" sim_time_ns="89.9989999999998" ratio_time="357126.9306490058" />
    <testcase name="test_einsum_sum_i" classname="test_isa_decoder" file="/home/ybi/WaveTensor/test_isa_decoder.py" lineno="707" time="0.00026607513427734375" sim_time_ns="89.9989999999998" ratio_time="338246.56424372684" />
    <testcase name="test_einsum_trace_ii" classname="test_isa_decoder" file="/home/ybi/WaveTensor/test_isa_decoder.py" lineno="722" time="0.0002529621124267578" sim_time_ns="89.9989999999998" ratio_time="355780.55202261935" />
    <testcase name="test_einsum_transpose_ij" classname="test_isa_decoder" file="/home/ybi/WaveTensor/test_isa_decoder.py" lineno="737" time="0.00025773048400878906" sim_time_ns="89.9989999999998" ratio_time="349198.1181276588" />
    <testcase name="test_einsum_matmul_ijjk" classname="test_isa_decoder" file="/home/ybi/WaveTensor/test_isa_decoder.py" lineno="752" time="0.0005254745483398438" sim_time_ns="91.0" ratio_time="173176.79854809438" />
    <testcase name="test_einsum_hadamard" classname="test_isa_decoder" file="/home/ybi/WaveTensor/test_isa_decoder.py" lineno="770" time="0.0002689361572265625" sim_time_ns="91.00000000000045" ratio_time="338370.2695035478" />
    <testcase name="test_einsum_outer" classname="test_isa_decoder" file="/home/ybi/WaveTensor/test_isa_decoder.py" lineno="788" time="0.00024771690368652344" sim_time_ns="91.0" ratio_time="367354.8257940327" />
    <testcase name="test_einsum_partial_ijk" classname="test_isa_decoder" file="/home/ybi/WaveTensor/test_isa_decoder.py" lineno="807" time="0.00024366378784179688" sim_time_ns="91.0" ratio_time="373465.4246575342" />
    <testcase name="test_einsum_diagonal" classname="test_isa_decoder" file="/home/ybi/WaveTensor/test_isa_decoder.py" lineno="827" time="0.00023794174194335938" sim_time_ns="91.0" ratio_time="382446.55711422843" />
    <testcase name="test_unsupported_einsum_pattern_lowers" classname="test_isa_decoder" file="/home/ybi/WaveTensor/test_isa_decoder.py" lineno="846" time="0.00024080276489257812" sim_time_ns="91.0" ratio_time="377902.63762376236" />
    <testcase name="test_missing_required_eh_errors" classname="test_isa_decoder" file="/home/ybi/WaveTensor/test_isa_decoder.py" lineno="864" time="0.00023126602172851562" sim_time_ns="91.0" ratio_time="393486.25154639175" />
    <testcase name="test_forbidden_eh_errors" classname="test_isa_decoder" file="/home/ybi/WaveTensor/test_isa_decoder.py" lineno="878" time="0.0002231597900390625" sim_time_ns="91.0" ratio_time="407779.55555555556" />
    <testcase name="test_alu_binary_xor_violation_errors" classname="test_isa_decoder" file="/home/ybi/WaveTensor/test_isa_decoder.py" lineno="892" time="0.0002257823944091797" sim_time_ns="91.0" ratio_time="403042.9398099261" />
    <testcase name="test_f_has_opb_without_b_valid_errors" classname="test_isa_decoder" file="/home/ybi/WaveTensor/test_isa_decoder.py" lineno="906" time="0.00022363662719726562" sim_time_ns="91.0" ratio_time="406910.0895522388" />
    <testcase name="test_chain_break_errors" classname="test_isa_decoder" file="/home/ybi/WaveTensor/test_isa_decoder.py" lineno="918" time="0.00022935867309570312" sim_time_ns="91.0" ratio_time="396758.4864864865" />
    <testcase name="test_reserved_nonzero_errors" classname="test_isa_decoder" file="/home/ybi/WaveTensor/test_isa_decoder.py" lineno="930" time="0.0002238750457763672" sim_time_ns="91.0" ratio_time="406476.74547390844" />
    <testcase name="test_bh_len_mismatch_errors" classname="test_isa_decoder" file="/home/ybi/WaveTensor/test_isa_decoder.py" lineno="942" time="0.0002200603485107422" sim_time_ns="91.0" ratio_time="413522.92957746476" />
    <testcase name="test_opref_src_kind_3_or_higher_errors" classname="test_isa_decoder" file="/home/ybi/WaveTensor/test_isa_decoder.py" lineno="954" time="0.00023174285888671875" sim_time_ns="91.0" ratio_time="392676.60905349796" />
    <testcase name="test_opref_src_kind_2_passes_legality" classname="test_isa_decoder" file="/home/ybi/WaveTensor/test_isa_decoder.py" lineno="970" time="0.00022339820861816406" sim_time_ns="91.0" ratio_time="407344.3585912487" />
    <testcase name="test_opref_src_kind_1_passes_legality" classname="test_isa_decoder" file="/home/ybi/WaveTensor/test_isa_decoder.py" lineno="986" time="0.00023245811462402344" sim_time_ns="91.0" ratio_time="391468.37333333335" />
    <testcase name="test_dim_override_changes_output_tag_dim" classname="test_isa_decoder" file="/home/ybi/WaveTensor/test_isa_decoder.py" lineno="1042" time="0.0002593994140625" sim_time_ns="91.0" ratio_time="350810.35294117645" />
    <testcase name="test_dim_override_makes_matmul_use_overridden_shape" classname="test_isa_decoder" file="/home/ybi/WaveTensor/test_isa_decoder.py" lineno="1063" time="0.00025200843811035156" sim_time_ns="91.0" ratio_time="361099.01986754965" />
    <testcase name="test_dim_ovr_flag_without_precision_eh_errors" classname="test_isa_decoder" file="/home/ybi/WaveTensor/test_isa_decoder.py" lineno="1087" time="0.0002262592315673828" sim_time_ns="91.0" ratio_time="402193.5342465753" />
    <testcase name="test_prec_flag_without_precision_eh_errors" classname="test_isa_decoder" file="/home/ybi/WaveTensor/test_isa_decoder.py" lineno="1101" time="0.000225067138671875" sim_time_ns="91.0" ratio_time="404323.7966101695" />
    <testcase name="test_assembler_add_imm_e2e" classname="test_isa_decoder" file="/home/ybi/WaveTensor/test_isa_decoder.py" lineno="1115" time="0.0003287792205810547" sim_time_ns="91.0" ratio_time="276781.48223350255" />
    <testcase name="test_assembler_einsum_matmul_e2e" classname="test_isa_decoder" file="/home/ybi/WaveTensor/test_isa_decoder.py" lineno="1133" time="0.0003402233123779297" sim_time_ns="91.0" ratio_time="267471.3833216538" />
    <testcase name="test_assembler_reshape_macro_e2e" classname="test_isa_decoder" file="/home/ybi/WaveTensor/test_isa_decoder.py" lineno="1156" time="0.0003039836883544922" sim_time_ns="91.0" ratio_time="299358.1678431372" />
    <testcase name="test_einsum_dot" classname="test_isa_decoder" file="/home/ybi/WaveTensor/test_isa_decoder.py" lineno="1182" time="0.0002524852752685547" sim_time_ns="91.0" ratio_time="360417.05760151084" />
    <testcase name="test_einsum_mat_vec" classname="test_isa_decoder" file="/home/ybi/WaveTensor/test_isa_decoder.py" lineno="1199" time="0.00025463104248046875" sim_time_ns="91.0" ratio_time="357379.8352059925" />
    <testcase name="test_squeeze_metadata_only" classname="test_isa_decoder" file="/home/ybi/WaveTensor/test_isa_decoder.py" lineno="1226" time="0.00024080276489257812" sim_time_ns="91.0" ratio_time="377902.63762376236" />
    <testcase name="test_squeeze_non_size_one_errors" classname="test_isa_decoder" file="/home/ybi/WaveTensor/test_isa_decoder.py" lineno="1246" time="0.00023365020751953125" sim_time_ns="91.0" ratio_time="389471.0857142857" />
    <testcase name="test_unsqueeze_metadata_only" classname="test_isa_decoder" file="/home/ybi/WaveTensor/test_isa_decoder.py" lineno="1260" time="0.00023937225341796875" sim_time_ns="91.0" ratio_time="380161.01992031874" />
    <testcase name="test_unsqueeze_full_rank_errors" classname="test_isa_decoder" file="/home/ybi/WaveTensor/test_isa_decoder.py" lineno="1276" time="0.0002319812774658203" sim_time_ns="91.0" ratio_time="392273.035971223" />
    <testcase name="test_view_preserves_element_count" classname="test_isa_decoder" file="/home/ybi/WaveTensor/test_isa_decoder.py" lineno="1290" time="0.00023365020751953125" sim_time_ns="91.0" ratio_time="389471.0857142857" />
    <testcase name="test_view_count_mismatch_errors" classname="test_isa_decoder" file="/home/ybi/WaveTensor/test_isa_decoder.py" lineno="1306" time="0.00022721290588378906" sim_time_ns="91.0" ratio_time="400505.4186778594" />
    <testcase name="test_permute_2x2_transpose" classname="test_isa_decoder" file="/home/ybi/WaveTensor/test_isa_decoder.py" lineno="1320" time="0.00024008750915527344" sim_time_ns="91.0" ratio_time="379028.4647467726" />
    <testcase name="test_permute_unsupported_lowers" classname="test_isa_decoder" file="/home/ybi/WaveTensor/test_isa_decoder.py" lineno="1335" time="0.00022935867309570312" sim_time_ns="91.0" ratio_time="396758.4864864865" />
    <testcase name="test_broadcast_lowers" classname="test_isa_decoder" file="/home/ybi/WaveTensor/test_isa_decoder.py" lineno="1350" time="0.00023126602172851562" sim_time_ns="91.0" ratio_time="393486.25154639175" />
    <testcase name="test_reduce_axis_sum" classname="test_isa_decoder" file="/home/ybi/WaveTensor/test_isa_decoder.py" lineno="1363" time="0.00023698806762695312" sim_time_ns="91.0" ratio_time="383985.57746478874" />
    <testcase name="test_reduce_axis_max" classname="test_isa_decoder" file="/home/ybi/WaveTensor/test_isa_decoder.py" lineno="1380" time="0.0002319812774658203" sim_time_ns="91.0" ratio_time="392273.035971223" />
    <testcase name="test_reduce_axis_min" classname="test_isa_decoder" file="/home/ybi/WaveTensor/test_isa_decoder.py" lineno="1394" time="0.00023412704467773438" sim_time_ns="91.0" ratio_time="388677.86558044807" />
    <testcase name="test_reduce_axis_unsupported_lowers" classname="test_isa_decoder" file="/home/ybi/WaveTensor/test_isa_decoder.py" lineno="1408" time="0.00023698806762695312" sim_time_ns="91.0" ratio_time="383985.57746478874" />
    <testcase name="test_shape_op_forbids_subscript" classname="test_isa_decoder" file="/home/ybi/WaveTensor/test_isa_decoder.py" lineno="1422" time="0.00022840499877929688" sim_time_ns="91.0" ratio_time="398415.0981210856" />
  </testsuite>
</testsuites>